src/app/sala/[id]/page.tsx(24,18): error TS18047: 'params' is possibly 'null'.
src/app/workspace/selecionar/page.tsx(6,10): error TS2305: Module '"@/lib/supabase/auth"' has no exported member 'chooseWorkspaceType'.
src/lib/supabase/index.ts(25,5): error TS2305: Module '"./auth"' has no exported member 'updateProfile'.
src/lib/supabase/index.ts(26,5): error TS2305: Module '"./auth"' has no exported member 'chooseWorkspaceType'.
src/lib/supabase/index.ts(27,5): error TS2305: Module '"./auth"' has no exported member 'ensurePlayerRole'.
